// Jest Snapshot v1, https://goo.gl/fbAQLP

exports[`createStateMachineSaga returns a generator function 1`] = `
Object {
  "next": [Function],
  "return": [Function],
  "throw": [Function],
  Symbol(Symbol.iterator): [Function],
}
`;
